---
source: compiler-core/src/parser.rs
expression: ast
---
Ok(
    Ast {
        statements: [
            Declaration {
                decl: FunctionDecl {
                    name: "my_first_func",
                    arguments: FunctionArgsList {
                        args: [],
                    },
                    body: [
                        Declaration(
                            Assignment {
                                name: "x",
                                expr: Constant(
                                    Int(
                                        5,
                                    ),
                                ),
                            },
                        ),
                        Declaration(
                            Assignment {
                                name: "y",
                                expr: BinaryOp {
                                    operator: Multiply,
                                    left: Variable(
                                        "x",
                                    ),
                                    right: Constant(
                                        Int(
                                            2,
                                        ),
                                    ),
                                },
                            },
                        ),
                        BareExpression(
                            Variable(
                                "y",
                            ),
                        ),
                    ],
                },
                exported: false,
            },
            Declaration {
                decl: FunctionDecl {
                    name: "func_with_closure",
                    arguments: FunctionArgsList {
                        args: [],
                    },
                    body: [
                        Declaration(
                            Assignment {
                                name: "x",
                                expr: Constant(
                                    Int(
                                        5,
                                    ),
                                ),
                            },
                        ),
                        Declaration(
                            FunctionDecl {
                                name: "top_stuff",
                                arguments: FunctionArgsList {
                                    args: [],
                                },
                                body: [
                                    BareExpression(
                                        BinaryOp {
                                            operator: Multiply,
                                            left: Variable(
                                                "x",
                                            ),
                                            right: Constant(
                                                Int(
                                                    2,
                                                ),
                                            ),
                                        },
                                    ),
                                ],
                            },
                        ),
                        BareExpression(
                            Variable(
                                "top_stuff",
                            ),
                        ),
                    ],
                },
                exported: false,
            },
            Declaration {
                decl: FunctionDecl {
                    name: "function_with_arguments",
                    arguments: FunctionArgsList {
                        args: [
                            FunctionArg {
                                name: "x",
                            },
                            FunctionArg {
                                name: "y",
                            },
                        ],
                    },
                    body: [
                        BareExpression(
                            BinaryOp {
                                operator: Multiply,
                                left: Variable(
                                    "x",
                                ),
                                right: Variable(
                                    "y",
                                ),
                            },
                        ),
                    ],
                },
                exported: true,
            },
            Declaration {
                decl: FunctionDecl {
                    name: "single_argument_func",
                    arguments: FunctionArgsList {
                        args: [
                            FunctionArg {
                                name: "x",
                            },
                        ],
                    },
                    body: [
                        BareExpression(
                            BinaryOp {
                                operator: Plus,
                                left: BinaryOp {
                                    operator: Multiply,
                                    left: Constant(
                                        Int(
                                            2,
                                        ),
                                    ),
                                    right: Variable(
                                        "x",
                                    ),
                                },
                                right: Constant(
                                    Int(
                                        1,
                                    ),
                                ),
                            },
                        ),
                    ],
                },
                exported: false,
            },
        ],
    },
)
