---
source: compiler-core/src/code_gen.rs
expression: wasm
---
Ok(
    WasmModule {
        functions: [
            WasmFunction {
                name: "add",
                params: [
                    "x",
                    "y",
                ],
                local_variables: {},
                return_type: Some(
                    I32,
                ),
                body: [
                    GetLocal(
                        "x",
                    ),
                    GetLocal(
                        "y",
                    ),
                    AddI32,
                ],
            },
            WasmFunction {
                name: "f",
                params: [
                    "x",
                ],
                local_variables: {
                    "y",
                },
                return_type: Some(
                    I32,
                ),
                body: [
                    GetLocal(
                        "x",
                    ),
                    ConstI32(
                        2,
                    ),
                    AddI32,
                    SetLocal(
                        "y",
                    ),
                    GetLocal(
                        "x",
                    ),
                    GetLocal(
                        "y",
                    ),
                    MultiplyI32,
                ],
            },
            WasmFunction {
                name: "main",
                params: [],
                local_variables: {},
                return_type: Some(
                    I32,
                ),
                body: [
                    ConstI32(
                        2,
                    ),
                    ConstI32(
                        4,
                    ),
                    Call(
                        "add",
                    ),
                    ConstI32(
                        1,
                    ),
                    MinusI32,
                    ConstI32(
                        2,
                    ),
                    MultiplyI32,
                ],
            },
        ],
        exports: [],
    },
)
