---
source: compiler-core/src/parser.rs
expression: ast
---
Ok(
    Ast {
        statements: [
            Declaration {
                decl: FunctionDecl {
                    name: "add",
                    arguments: FunctionArgsList {
                        args: [
                            FunctionArg {
                                name: "x",
                            },
                            FunctionArg {
                                name: "y",
                            },
                        ],
                    },
                    body: [
                        BareExpression(
                            BinaryOp {
                                operator: Plus,
                                left: Variable(
                                    "x",
                                ),
                                right: Variable(
                                    "y",
                                ),
                            },
                        ),
                    ],
                },
                exported: false,
            },
            Declaration {
                decl: FunctionDecl {
                    name: "f",
                    arguments: FunctionArgsList {
                        args: [
                            FunctionArg {
                                name: "x",
                            },
                        ],
                    },
                    body: [
                        Declaration(
                            Assignment {
                                name: "t",
                                expr: Negation(
                                    Constant(
                                        Int(
                                            3,
                                        ),
                                    ),
                                ),
                            },
                        ),
                        Declaration(
                            Assignment {
                                name: "y",
                                expr: BinaryOp {
                                    operator: Plus,
                                    left: BinaryOp {
                                        operator: Plus,
                                        left: Variable(
                                            "x",
                                        ),
                                        right: Constant(
                                            Int(
                                                2,
                                            ),
                                        ),
                                    },
                                    right: Variable(
                                        "t",
                                    ),
                                },
                            },
                        ),
                        BareExpression(
                            BinaryOp {
                                operator: Multiply,
                                left: Variable(
                                    "x",
                                ),
                                right: Variable(
                                    "y",
                                ),
                            },
                        ),
                    ],
                },
                exported: false,
            },
            Declaration {
                decl: FunctionDecl {
                    name: "main",
                    arguments: FunctionArgsList {
                        args: [],
                    },
                    body: [
                        BareExpression(
                            BinaryOp {
                                operator: Multiply,
                                left: BinaryOp {
                                    operator: Minus,
                                    left: FunctionCall {
                                        name: "add",
                                        args: [
                                            Constant(
                                                Int(
                                                    2,
                                                ),
                                            ),
                                            Constant(
                                                Int(
                                                    4,
                                                ),
                                            ),
                                        ],
                                    },
                                    right: Constant(
                                        Int(
                                            1,
                                        ),
                                    ),
                                },
                                right: Constant(
                                    Int(
                                        2,
                                    ),
                                ),
                            },
                        ),
                    ],
                },
                exported: false,
            },
        ],
    },
)
