---
source: src/tokeniser.rs
expression: tokens
---
[
    Ok(
        Name(
            "x",
        ),
    ),
    Ok(
        Equals,
    ),
    Ok(
        IntConstant(
            5,
        ),
    ),
    Ok(
        Name(
            "y",
        ),
    ),
    Ok(
        Equals,
    ),
    Ok(
        IntConstant(
            5,
        ),
    ),
    Ok(
        Operator(
            Plus,
        ),
    ),
    Ok(
        IntConstant(
            2,
        ),
    ),
    Ok(
        Name(
            "z",
        ),
    ),
    Ok(
        Equals,
    ),
    Ok(
        Name(
            "x",
        ),
    ),
    Ok(
        Operator(
            Minus,
        ),
    ),
    Ok(
        IntConstant(
            3,
        ),
    ),
]
